I'm sorry, but errors were detected in your script. Please correct the
errors listed below, and try again.


File "game/script.rpy", line 68: Tab characters are not allowed in Ren'Py scripts.

Ren'Py Version: Ren'Py 8.3.4.24120703
Sat Dec 14 11:07:10 2024
